<html>
<body>
<pre>
<h1>µVision Build Log</h1>
<h2>Tool Versions:</h2>
IDE-Version: ÂµVision V5.32.0.0
Copyright (C) 2020 ARM Ltd and ARM Germany GmbH. All rights reserved.
License Information: Jules Lelay, ESIEE Paris, LIC=----
 
Tool Versions:
Toolchain:       MDK-Lite  Version: 5.32.0.0
Toolchain Path:  C:\Keil_v5\ARM\ARMCLANG\Bin
C Compiler:      ArmClang.exe V6.14.1
Assembler:       Armasm.exe V6.14.1
Linker/Locator:  ArmLink.exe V6.14.1
Library Manager: ArmAr.exe V6.14.1
Hex Converter:   FromElf.exe V6.14.1
CPU DLL:         SARMCM3.DLL V5.32.0.0
Dialog DLL:      DCM.DLL V1.17.3.0
Target DLL:      lmidk-agdi.dll V???
Dialog DLL:      TCM.DLL V1.46.0.0
 
<h2>Project:</h2>
C:\Users\jules\Desktop\Me\ESIEE\E3FI\Informatique\IN1 - Architecture\Projet-G2I05_3I-IN1\projet.uvprojx
Project File Date:  11/30/2020

<h2>Output:</h2>
*** Using Compiler 'V6.14.1', folder: 'C:\Keil_v5\ARM\ARMCLANG\Bin'
Build target 'Target 1'
"fonctions.s", line 268: Warning: A1581W: Added 2 bytes of padding at address 0x272
  268 00000274         AREA    CONSTANTES, DATA, READONLY
0 Errors, 1 Warning
assembling fonctions.s...
linking...
Program Size: Code=2140 RO-data=4 RW-data=100 ZI-data=256  
".\Objects\projet.axf" - 0 Error(s), 0 Warning(s).

<h2>Software Packages used:</h2>

Package Vendor: ARM
                http://www.keil.com/pack/ARM.CMSIS.5.7.0.pack
                ARM.CMSIS.5.7.0
                CMSIS (Cortex Microcontroller Software Interface Standard)
   * Component: CORE Version: 5.4.0

Package Vendor: Keil
                http://www.keil.com/pack/Keil.LM3S_DFP.1.1.0.pack
                Keil.LM3S_DFP.1.1.0
                Texas Instruments LM3S Series Device Support
   * Component: Startup Version: 1.0.0

<h2>Collection of Component include folders:</h2>
  .\RTE\_Target_1
  C:\Users\jules\AppData\Local\Arm\Packs\ARM\CMSIS\5.7.0\CMSIS\Core\Include
  C:\Users\jules\AppData\Local\Arm\Packs\Keil\LM3S_DFP\1.1.0\Device\Include

<h2>Collection of Component Files used:</h2>

   * Component: ARM::CMSIS:CORE:5.4.0

   * Component: Keil::Device:Startup:1.0.0
      Source file:   Device\Source\ARM\Startup.s
Build Time Elapsed:  00:00:00
</pre>
</body>
</html>
