Component: ARM Compiler 6.14.1 Tool: armlink [5db06d00]

==============================================================================

Section Cross References

    fonctions.o(.text) refers (Special) to moteur.o(.text) for MOTEUR_DROIT_INVERSE
    fonctions.o(.text) refers to fonctions.o(CONSTANTES) for X
    fonctions.o(.text) refers to fonctions.o(GRILLE) for CASES
    fonctions.o(CONSTANTES) refers (Special) to moteur.o(.text) for MOTEUR_DROIT_INVERSE
    fonctions.o(GRILLE) refers (Special) to moteur.o(.text) for MOTEUR_DROIT_INVERSE
    main2.o(.text) refers (Special) to fonctions.o(.text) for CHOIX_DIRECTION
    startup.o(RESET) refers to startup.o(STACK) for StackMem
    startup.o(RESET) refers to main2.o(.text) for __main


==============================================================================

Removing Unused input sections from the image.

    Removing startup.o(HEAP), (0 bytes).
    Removing startup.o(.text), (0 bytes).

2 unused section(s) (total 0 bytes) removed from the image.

==============================================================================

Image Symbol Table

    Local Symbols

    Symbol Name                              Value     Ov Type        Size  Object(Section)

    RTE/Device/LM3S9B92/Startup.s            0x00000000   Number         0  startup.o ABSOLUTE
    fonctions.s                              0x00000000   Number         0  fonctions.o ABSOLUTE
    main2.s                                  0x00000000   Number         0  main2.o ABSOLUTE
    moteur.s                                 0x00000000   Number         0  moteur.o ABSOLUTE
    RESET                                    0x00000000   Section      632  startup.o(RESET)
    NmiSR                                    0x00000271   Thumb Code     0  startup.o(RESET)
    FaultISR                                 0x00000273   Thumb Code     0  startup.o(RESET)
    IntDefaultHandler                        0x00000275   Thumb Code     0  startup.o(RESET)
    .text                                    0x00000278   Section      672  moteur.o(.text)
    .text                                    0x00000518   Section      688  fonctions.o(.text)
    .text                                    0x000007c8   Section      148  main2.o(.text)
    X                                        0x0000085c   Data           1  fonctions.o(CONSTANTES)
    CONSTANTES                               0x0000085c   Section        4  fonctions.o(CONSTANTES)
    Y                                        0x0000085d   Data           1  fonctions.o(CONSTANTES)
    LARGEUR                                  0x0000085e   Data           1  fonctions.o(CONSTANTES)
    HAUTEUR                                  0x0000085f   Data           1  fonctions.o(CONSTANTES)
    CASES                                    0x20000000   Data         100  fonctions.o(GRILLE)
    GRILLE                                   0x20000000   Section      100  fonctions.o(GRILLE)
    StackMem                                 0x20000068   Data           0  startup.o(STACK)
    STACK                                    0x20000068   Section      256  startup.o(STACK)

    Global Symbols

    Symbol Name                              Value     Ov Type        Size  Object(Section)

    BuildAttributes$$THM_ISAv4$P$D$K$B$S$A:L22UL41UL21$X:L11$S22US41US21$IEEE1$~IW$USESV6$~STKCKD$USESV7$~SHL$OSPACE$EBA8$MICROLIB$EABIv2 0x00000000   Number         0  anon$$obj.o ABSOLUTE
    __Vectors                                0x00000000   Data           0  startup.o(RESET)
    Reset_Handler                            0x0000026d   Thumb Code     0  startup.o(RESET)
    MOTEUR_INIT                              0x00000279   Thumb Code     0  moteur.o(.text)
    MOTEUR_DROIT_ON                          0x00000405   Thumb Code     0  moteur.o(.text)
    MOTEUR_DROIT_OFF                         0x00000417   Thumb Code     0  moteur.o(.text)
    MOTEUR_GAUCHE_ON                         0x00000429   Thumb Code     0  moteur.o(.text)
    MOTEUR_GAUCHE_OFF                        0x0000043b   Thumb Code     0  moteur.o(.text)
    MOTEUR_DROIT_ARRIERE                     0x0000044d   Thumb Code     0  moteur.o(.text)
    MOTEUR_DROIT_AVANT                       0x0000045b   Thumb Code     0  moteur.o(.text)
    MOTEUR_GAUCHE_ARRIERE                    0x00000469   Thumb Code     0  moteur.o(.text)
    MOTEUR_GAUCHE_AVANT                      0x00000477   Thumb Code     0  moteur.o(.text)
    MOTEUR_DROIT_INVERSE                     0x00000485   Thumb Code     0  moteur.o(.text)
    MOTEUR_GAUCHE_INVERSE                    0x00000497   Thumb Code     0  moteur.o(.text)
    INIT                                     0x00000541   Thumb Code     0  fonctions.o(.text)
    MOTEUR_PIVOTE_DROITE                     0x0000057b   Thumb Code     0  fonctions.o(.text)
    MOTEUR_PIVOTE_GAUCHE                     0x000005a5   Thumb Code     0  fonctions.o(.text)
    MOTEUR_DEMI_TOUR                         0x000005cf   Thumb Code     0  fonctions.o(.text)
    MOTEUR_AVANCE                            0x000005df   Thumb Code     0  fonctions.o(.text)
    CHOIX_DIRECTION                          0x00000617   Thumb Code     0  fonctions.o(.text)
    SOLVE_MAZE                               0x000006a7   Thumb Code     0  fonctions.o(.text)
    __main                                   0x000007c9   Thumb Code     0  main2.o(.text)
    __initial_sp                             0x20000168   Data           0  startup.o(STACK)



==============================================================================

Memory Map of the image

  Image Entry point : 0x0000026d

  Load Region LR_1 (Base: 0x00000000, Size: 0x000008c4, Max: 0xffffffff, ABSOLUTE)

    Execution Region ER_RO (Exec base: 0x00000000, Load base: 0x00000000, Size: 0x00000860, Max: 0xffffffff, ABSOLUTE)

    Exec Addr    Load Addr    Size         Type   Attr      Idx    E Section Name        Object

    0x00000000   0x00000000   0x00000278   Code   RO           16  * RESET               startup.o
    0x00000278   0x00000278   0x000002a0   Code   RO            1  * .text               moteur.o
    0x00000518   0x00000518   0x000002b0   Code   RO            6  * .text               fonctions.o
    0x000007c8   0x000007c8   0x00000094   Code   RO           11  * .text               main2.o
    0x0000085c   0x0000085c   0x00000004   Data   RO            7    CONSTANTES          fonctions.o


    Execution Region ER_RW (Exec base: 0x20000000, Load base: 0x00000860, Size: 0x00000064, Max: 0xffffffff, ABSOLUTE)

    Exec Addr    Load Addr    Size         Type   Attr      Idx    E Section Name        Object

    0x20000000   0x00000860   0x00000064   Data   RW            8    GRILLE              fonctions.o


    Execution Region ER_ZI (Exec base: 0x20000068, Load base: 0x000008c4, Size: 0x00000100, Max: 0xffffffff, ABSOLUTE)

    Exec Addr    Load Addr    Size         Type   Attr      Idx    E Section Name        Object

    0x20000068        -       0x00000100   Zero   RW           14    STACK               startup.o


==============================================================================

Image component sizes


      Code (inc. data)   RO Data    RW Data    ZI Data      Debug   Object Name

       688         62          4        100          0        432   fonctions.o
       148          4          0          0          0        272   main2.o
       672        112          0          0          0        432   moteur.o
       632        622          0          0        256        288   startup.o

    ----------------------------------------------------------------------
      2140        800          4        100        256       1424   Object Totals
         0          0          0          0          0          0   (incl. Generated)
         0          0          0          0          0          0   (incl. Padding)

    ----------------------------------------------------------------------
         0          0          0          0          0          0   Library Totals
         0          0          0          0          0          0   (incl. Padding)

    ----------------------------------------------------------------------

==============================================================================


      Code (inc. data)   RO Data    RW Data    ZI Data      Debug   

      2140        800          4        100        256       1424   Grand Totals
      2140        800          4        100        256       1424   ELF Image Totals
      2140        800          4        100          0          0   ROM Totals

==============================================================================

    Total RO  Size (Code + RO Data)                 2144 (   2.09kB)
    Total RW  Size (RW Data + ZI Data)               356 (   0.35kB)
    Total ROM Size (Code + RO Data + RW Data)       2244 (   2.19kB)

==============================================================================

